+libext+.v
+incdir+$project/rtl/e203/perips

$project/rtl/e203/perips/i2c_master_defines.v
$project/rtl/e203/perips/i2c_master_bit_ctrl.v
$project/rtl/e203/perips/i2c_master_byte_ctrl.v
$project/rtl/e203/perips/i2c_master_top.v
$project/rtl/e203/perips/sirv_AsyncResetReg.v
$project/rtl/e203/perips/sirv_AsyncResetRegVec.v
$project/rtl/e203/perips/sirv_AsyncResetRegVec_1.v
$project/rtl/e203/perips/sirv_AsyncResetRegVec_129.v
$project/rtl/e203/perips/sirv_AsyncResetRegVec_36.v
$project/rtl/e203/perips/sirv_AsyncResetRegVec_67.v
$project/rtl/e203/perips/sirv_DeglitchShiftRegister.v
$project/rtl/e203/perips/sirv_LevelGateway.v
$project/rtl/e203/perips/sirv_ResetCatchAndSync.v
$project/rtl/e203/perips/sirv_ResetCatchAndSync_2.v
$project/rtl/e203/perips/sirv_aon.v
$project/rtl/e203/perips/sirv_aon_lclkgen_regs.v
$project/rtl/e203/perips/sirv_aon_porrst.v
$project/rtl/e203/perips/sirv_aon_top.v
$project/rtl/e203/perips/sirv_aon_wrapper.v
$project/rtl/e203/perips/sirv_clint.v
$project/rtl/e203/perips/sirv_clint_top.v
$project/rtl/e203/perips/sirv_expl_apb_slv.v
$project/rtl/e203/perips/sirv_expl_axi_slv.v
$project/rtl/e203/perips/sirv_flash_qspi.v
$project/rtl/e203/perips/sirv_flash_qspi_top.v
$project/rtl/e203/perips/sirv_gpio.v
$project/rtl/e203/perips/sirv_gpio_top.v
$project/rtl/e203/perips/sirv_hclkgen_regs.v
$project/rtl/e203/perips/sirv_jtaggpioport.v
$project/rtl/e203/perips/sirv_otp_top.v
$project/rtl/e203/perips/sirv_plic_man.v
$project/rtl/e203/perips/sirv_plic_top.v
$project/rtl/e203/perips/sirv_pmu.v
$project/rtl/e203/perips/sirv_pmu_core.v
$project/rtl/e203/perips/sirv_pwm16.v
$project/rtl/e203/perips/sirv_pwm16_core.v
$project/rtl/e203/perips/sirv_pwm16_top.v
$project/rtl/e203/perips/sirv_pwm8.v
$project/rtl/e203/perips/sirv_pwm8_core.v
$project/rtl/e203/perips/sirv_pwm8_top.v
$project/rtl/e203/perips/sirv_pwmgpioport.v
$project/rtl/e203/perips/sirv_qspi_1cs.v
$project/rtl/e203/perips/sirv_qspi_1cs_top.v
$project/rtl/e203/perips/sirv_qspi_4cs.v
$project/rtl/e203/perips/sirv_qspi_4cs_top.v
$project/rtl/e203/perips/sirv_qspi_arbiter.v
$project/rtl/e203/perips/sirv_qspi_fifo.v
$project/rtl/e203/perips/sirv_qspi_media.v
$project/rtl/e203/perips/sirv_qspi_media_1.v
$project/rtl/e203/perips/sirv_qspi_media_2.v
$project/rtl/e203/perips/sirv_qspi_physical.v
$project/rtl/e203/perips/sirv_qspi_physical_1.v
$project/rtl/e203/perips/sirv_qspi_physical_2.v
$project/rtl/e203/perips/sirv_queue.v
$project/rtl/e203/perips/sirv_queue_1.v
$project/rtl/e203/perips/sirv_repeater_6.v
$project/rtl/e203/perips/sirv_rtc.v
$project/rtl/e203/perips/sirv_spi_flashmap.v
$project/rtl/e203/perips/sirv_spigpioport.v
$project/rtl/e203/perips/sirv_spigpioport_1.v
$project/rtl/e203/perips/sirv_spigpioport_2.v
$project/rtl/e203/perips/sirv_tl_repeater_5.v
$project/rtl/e203/perips/sirv_tlfragmenter_qspi_1.v
$project/rtl/e203/perips/sirv_tlwidthwidget_qspi.v
$project/rtl/e203/perips/sirv_uart.v
$project/rtl/e203/perips/sirv_uart_top.v
$project/rtl/e203/perips/sirv_uartgpioport.v
$project/rtl/e203/perips/sirv_uartrx.v
$project/rtl/e203/perips/sirv_uarttx.v
$project/rtl/e203/perips/sirv_wdog.v
