+libext+.v
+incdir+$project/rtl/e203/core

$project/rtl/e203/core/config.v
$project/rtl/e203/core/e203_defines.v
$project/rtl/e203/core/e203_biu.v
$project/rtl/e203/core/e203_clk_ctrl.v
$project/rtl/e203/core/e203_clkgate.v
$project/rtl/e203/core/e203_core.v
$project/rtl/e203/core/e203_cpu.v
$project/rtl/e203/core/e203_cpu_top.v
$project/rtl/e203/core/e203_dtcm_ctrl.v
$project/rtl/e203/core/e203_dtcm_ram.v
$project/rtl/e203/core/e203_extend_csr.v
$project/rtl/e203/core/e203_exu.v
$project/rtl/e203/core/e203_exu_alu.v
$project/rtl/e203/core/e203_exu_alu_bjp.v
$project/rtl/e203/core/e203_exu_alu_csrctrl.v
$project/rtl/e203/core/e203_exu_alu_dpath.v
$project/rtl/e203/core/e203_exu_alu_lsuagu.v
$project/rtl/e203/core/e203_exu_alu_muldiv.v
$project/rtl/e203/core/e203_exu_alu_rglr.v
$project/rtl/e203/core/e203_exu_branchslv.v
$project/rtl/e203/core/e203_exu_commit.v
$project/rtl/e203/core/e203_exu_csr.v
$project/rtl/e203/core/e203_exu_decode.v
$project/rtl/e203/core/e203_exu_disp.v
$project/rtl/e203/core/e203_exu_excp.v
$project/rtl/e203/core/e203_exu_longpwbck.v
$project/rtl/e203/core/e203_exu_oitf.v
$project/rtl/e203/core/e203_exu_regfile.v
$project/rtl/e203/core/e203_exu_wbck.v
$project/rtl/e203/core/e203_ifu.v
$project/rtl/e203/core/e203_ifu_ifetch.v
$project/rtl/e203/core/e203_ifu_ift2icb.v
$project/rtl/e203/core/e203_ifu_litebpu.v
$project/rtl/e203/core/e203_ifu_minidec.v
$project/rtl/e203/core/e203_irq_sync.v
$project/rtl/e203/core/e203_itcm_ctrl.v
$project/rtl/e203/core/e203_itcm_ram.v
$project/rtl/e203/core/e203_lsu.v
$project/rtl/e203/core/e203_lsu_ctrl.v
$project/rtl/e203/core/e203_reset_ctrl.v
$project/rtl/e203/core/e203_srams.v
